0:00:00.013727882          9          9 DEBUG             GST_TRACER gsttracer.c:182:gst_tracer_register:<tracerfactory0> new tracer factory for latency_tracer
0:00:00.013738457          9          9 DEBUG             GST_TRACER gsttracer.c:189:gst_tracer_register:<latency_tracer> tracer factory for 3352925584:LatencyTracer
0:00:00.022508869          9          9 DEBUG             GST_TRACER gsttracer.c:182:gst_tracer_register:<tracerfactory1> new tracer factory for gvaitttracer
0:00:00.022516329          9          9 DEBUG             GST_TRACER gsttracer.c:189:gst_tracer_register:<gvaitttracer> tracer factory for 3352999088:GstGvaITTTracer
0:00:00.023568551          9          9 DEBUG             GST_TRACER gsttracer.c:182:gst_tracer_register:<tracerfactory2> new tracer factory for buffer_tracer
0:00:00.023573114          9          9 DEBUG             GST_TRACER gsttracer.c:189:gst_tracer_register:<buffer_tracer> tracer factory for 3354957392:BufferTracer
0:00:00.104585120          9          9 DEBUG             GST_TRACER gsttracer.c:182:gst_tracer_register:<tracerfactory3> new tracer factory for dots
0:00:00.104592473          9          9 DEBUG             GST_TRACER gsttracer.c:189:gst_tracer_register:<dots> tracer factory for 3359791616:GstDotsTracer
0:00:00.104596879          9          9 DEBUG             GST_TRACER gsttracer.c:182:gst_tracer_register:<tracerfactory4> new tracer factory for latency
0:00:00.104598328          9          9 DEBUG             GST_TRACER gsttracer.c:189:gst_tracer_register:<latency> tracer factory for 3359793312:GstLatencyTracer
0:00:00.104613935          9          9 DEBUG             GST_TRACER gsttracer.c:182:gst_tracer_register:<tracerfactory5> new tracer factory for log
0:00:00.104615206          9          9 DEBUG             GST_TRACER gsttracer.c:189:gst_tracer_register:<log> tracer factory for 3359794000:GstLogTracer
0:00:00.104618718          9          9 DEBUG             GST_TRACER gsttracer.c:182:gst_tracer_register:<tracerfactory6> new tracer factory for rusage
0:00:00.104619892          9          9 DEBUG             GST_TRACER gsttracer.c:189:gst_tracer_register:<rusage> tracer factory for 3359795008:GstRUsageTracer
0:00:00.104624007          9          9 DEBUG             GST_TRACER gsttracer.c:182:gst_tracer_register:<tracerfactory7> new tracer factory for stats
0:00:00.104625145          9          9 DEBUG             GST_TRACER gsttracer.c:189:gst_tracer_register:<stats> tracer factory for 3359795744:GstStatsTracer
0:00:00.104628535          9          9 DEBUG             GST_TRACER gsttracer.c:182:gst_tracer_register:<tracerfactory8> new tracer factory for leaks
0:00:00.104629668          9          9 DEBUG             GST_TRACER gsttracer.c:189:gst_tracer_register:<leaks> tracer factory for 3359796672:GstLeaksTracer
0:00:00.104631623          9          9 DEBUG             GST_TRACER gsttracer.c:182:gst_tracer_register:<tracerfactory9> new tracer factory for factories
0:00:00.104632846          9          9 DEBUG             GST_TRACER gsttracer.c:189:gst_tracer_register:<factories> tracer factory for 3359797600:GstFactoriesTracer
libva info: VA-API version 1.23.0
libva info: User environment variable requested driver 'iHD'
libva info: Trying to open /usr/lib/x86_64-linux-gnu/dri/iHD_drv_video.so
libva info: Found init function __vaDriverInit_1_23
libva info: va_openDriver() returns 0
0:00:00.306074682          1          1 DEBUG             GST_TRACER gsttracer.c:172:gst_tracer_register:<registry0> update existing feature 0x55c2be7fb970 (dots)
0:00:00.306090571          1          1 DEBUG             GST_TRACER gsttracer.c:172:gst_tracer_register:<registry0> update existing feature 0x55c2be7fb820 (latency)
0:00:00.306095759          1          1 DEBUG             GST_TRACER gsttracer.c:172:gst_tracer_register:<registry0> update existing feature 0x55c2be7fb6a0 (log)
0:00:00.306097999          1          1 DEBUG             GST_TRACER gsttracer.c:172:gst_tracer_register:<registry0> update existing feature 0x55c2be7fb580 (rusage)
0:00:00.306100340          1          1 DEBUG             GST_TRACER gsttracer.c:172:gst_tracer_register:<registry0> update existing feature 0x55c2be7ecb00 (stats)
0:00:00.306102279          1          1 DEBUG             GST_TRACER gsttracer.c:172:gst_tracer_register:<registry0> update existing feature 0x55c2be8a19e0 (leaks)
0:00:00.306103955          1          1 DEBUG             GST_TRACER gsttracer.c:172:gst_tracer_register:<registry0> update existing feature 0x55c2be8b5fd0 (factories)
0:00:00.306137902          1          1 TRACE             GST_TRACER gsttracerrecord.c:111:gst_tracer_record_build_format: latency.class, src-element-id=(structure)"scope\,\ type\=\(type\)gchararray\,\ related-to\=\(GstTracerValueScope\)element\;", src-element=(structure)"scope\,\ type\=\(type\)gchararray\,\ related-to\=\(GstTracerValueScope\)element\;", src=(structure)"scope\,\ type\=\(type\)gchararray\,\ related-to\=\(GstTracerValueScope\)pad\;", sink-element-id=(structure)"scope\,\ type\=\(type\)gchararray\,\ related-to\=\(GstTracerValueScope\)element\;", sink-element=(structure)"scope\,\ type\=\(type\)gchararray\,\ related-to\=\(GstTracerValueScope\)element\;", sink=(structure)"scope\,\ type\=\(type\)gchararray\,\ related-to\=\(GstTracerValueScope\)pad\;", time=(structure)"value\,\ type\=\(type\)guint64\,\ description\=\(string\)\"time\\\ it\\\ took\\\ for\\\ the\\\ buffer\\\ to\\\ go\\\ from\\\ src\\\ to\\\ sink\\\ ns\"\,\ min\=\(guint64\)0\,\ max\=\(guint64\)18446744073709551615\;", ts=(structure)"value\,\ type\=\(type\)guint64\,\ description\=\(string\)\"ts\\\ when\\\ the\\\ latency\\\ has\\\ been\\\ logged\"\,\ min\=\(guint64\)0\,\ max\=\(guint64\)18446744073709551615\;";
0:00:00.306142449          1          1 DEBUG             GST_TRACER gsttracerrecord.c:125:gst_tracer_record_build_format: new format string: latency, src-element-id=(string)%s, src-element=(string)%s, src=(string)%s, sink-element-id=(string)%s, sink-element=(string)%s, sink=(string)%s, time=(guint64)%lu, ts=(guint64)%lu;
0:00:00.306150114          1          1 TRACE             GST_TRACER gsttracerrecord.c:111:gst_tracer_record_build_format: element-latency.class, element-id=(structure)"scope\,\ type\=\(type\)gchararray\,\ related-to\=\(GstTracerValueScope\)element\;", element=(structure)"scope\,\ type\=\(type\)gchararray\,\ related-to\=\(GstTracerValueScope\)element\;", src=(structure)"scope\,\ type\=\(type\)gchararray\,\ related-to\=\(GstTracerValueScope\)pad\;", time=(structure)"value\,\ type\=\(type\)guint64\,\ description\=\(string\)\"time\\\ it\\\ took\\\ for\\\ the\\\ buffer\\\ to\\\ go\\\ from\\\ src\\\ to\\\ sink\\\ ns\"\,\ min\=\(guint64\)0\,\ max\=\(guint64\)18446744073709551615\;", ts=(structure)"value\,\ type\=\(type\)guint64\,\ description\=\(string\)\"ts\\\ when\\\ the\\\ latency\\\ has\\\ been\\\ logged\"\,\ min\=\(guint64\)0\,\ max\=\(guint64\)18446744073709551615\;";
0:00:00.306152700          1          1 DEBUG             GST_TRACER gsttracerrecord.c:125:gst_tracer_record_build_format: new format string: element-latency, element-id=(string)%s, element=(string)%s, src=(string)%s, time=(guint64)%lu, ts=(guint64)%lu;
0:00:00.306160330          1          1 TRACE             GST_TRACER gsttracerrecord.c:111:gst_tracer_record_build_format: element-reported-latency.class, element-id=(structure)"scope\,\ type\=\(type\)gchararray\,\ related-to\=\(GstTracerValueScope\)element\;", element=(structure)"scope\,\ type\=\(type\)gchararray\,\ related-to\=\(GstTracerValueScope\)element\;", live=(structure)"value\,\ type\=\(type\)gboolean\,\ description\=\(string\)\"wether\\\ the\\\ it\\\ is\\\ a\\\ live\\\ stream\\\ or\\\ not\"\;", min=(structure)"value\,\ type\=\(type\)guint64\,\ description\=\(string\)\"the\\\ minimum\\\ reported\\\ latency\"\,\ min\=\(guint64\)0\,\ max\=\(guint64\)18446744073709551615\;", max=(structure)"value\,\ type\=\(type\)guint64\,\ description\=\(string\)\"the\\\ maximum\\\ reported\\\ latency\"\,\ min\=\(guint64\)0\,\ max\=\(guint64\)18446744073709551615\;", ts=(structure)"value\,\ type\=\(type\)guint64\,\ description\=\(string\)\"ts\\\ when\\\ the\\\ latency\\\ has\\\ been\\\ reported\"\,\ min\=\(guint64\)0\,\ max\=\(guint64\)18446744073709551615\;";
0:00:00.306163521          1          1 DEBUG             GST_TRACER gsttracerrecord.c:125:gst_tracer_record_build_format: new format string: element-reported-latency, element-id=(string)%s, element=(string)%s, live=(boolean)%i, min=(guint64)%lu, max=(guint64)%lu, ts=(guint64)%lu;
ERROR: from element /GstPipeline:pipeline0/GstGvaDetect:gvadetect0: 'model' does not exist
Additional debug info:
/home/dlstreamer/dlstreamer/src/monolithic/gst/inference_elements/base/gva_base_inference.cpp(1049): gva_base_inference_check_properties_correctness (): /GstPipeline:pipeline0/GstGvaDetect:gvadetect0:
path /models/yolo11n_polyp/best_openvino_model/best.xml set in 'model' does not exist
ERROR: pipeline doesn't want to preroll.
Failed to set pipeline to PAUSED.
