0:00:00.010045736          9          9 DEBUG             GST_TRACER gsttracer.c:182:gst_tracer_register:<tracerfactory0> new tracer factory for latency_tracer
0:00:00.010056514          9          9 DEBUG             GST_TRACER gsttracer.c:189:gst_tracer_register:<latency_tracer> tracer factory for 1429427600:LatencyTracer
0:00:00.018556197          9          9 DEBUG             GST_TRACER gsttracer.c:182:gst_tracer_register:<tracerfactory1> new tracer factory for gvaitttracer
0:00:00.018564092          9          9 DEBUG             GST_TRACER gsttracer.c:189:gst_tracer_register:<gvaitttracer> tracer factory for 1429501104:GstGvaITTTracer
0:00:00.019612644          9          9 DEBUG             GST_TRACER gsttracer.c:182:gst_tracer_register:<tracerfactory2> new tracer factory for buffer_tracer
0:00:00.019617328          9          9 DEBUG             GST_TRACER gsttracer.c:189:gst_tracer_register:<buffer_tracer> tracer factory for 1431459408:BufferTracer
0:00:00.104903116          9          9 DEBUG             GST_TRACER gsttracer.c:182:gst_tracer_register:<tracerfactory3> new tracer factory for dots
0:00:00.104910709          9          9 DEBUG             GST_TRACER gsttracer.c:189:gst_tracer_register:<dots> tracer factory for 1436293632:GstDotsTracer
0:00:00.104915459          9          9 DEBUG             GST_TRACER gsttracer.c:182:gst_tracer_register:<tracerfactory4> new tracer factory for latency
0:00:00.104916933          9          9 DEBUG             GST_TRACER gsttracer.c:189:gst_tracer_register:<latency> tracer factory for 1436295328:GstLatencyTracer
0:00:00.104932469          9          9 DEBUG             GST_TRACER gsttracer.c:182:gst_tracer_register:<tracerfactory5> new tracer factory for log
0:00:00.104933762          9          9 DEBUG             GST_TRACER gsttracer.c:189:gst_tracer_register:<log> tracer factory for 1436296016:GstLogTracer
0:00:00.104937420          9          9 DEBUG             GST_TRACER gsttracer.c:182:gst_tracer_register:<tracerfactory6> new tracer factory for rusage
0:00:00.104938636          9          9 DEBUG             GST_TRACER gsttracer.c:189:gst_tracer_register:<rusage> tracer factory for 1436297024:GstRUsageTracer
0:00:00.104942944          9          9 DEBUG             GST_TRACER gsttracer.c:182:gst_tracer_register:<tracerfactory7> new tracer factory for stats
0:00:00.104944036          9          9 DEBUG             GST_TRACER gsttracer.c:189:gst_tracer_register:<stats> tracer factory for 1436297760:GstStatsTracer
0:00:00.104947550          9          9 DEBUG             GST_TRACER gsttracer.c:182:gst_tracer_register:<tracerfactory8> new tracer factory for leaks
0:00:00.104948693          9          9 DEBUG             GST_TRACER gsttracer.c:189:gst_tracer_register:<leaks> tracer factory for 1436298688:GstLeaksTracer
0:00:00.104950730          9          9 DEBUG             GST_TRACER gsttracer.c:182:gst_tracer_register:<tracerfactory9> new tracer factory for factories
0:00:00.104951937          9          9 DEBUG             GST_TRACER gsttracer.c:189:gst_tracer_register:<factories> tracer factory for 1436299616:GstFactoriesTracer
libva info: VA-API version 1.23.0
libva info: User environment variable requested driver 'iHD'
libva info: Trying to open /usr/lib/x86_64-linux-gnu/dri/iHD_drv_video.so
libva info: Found init function __vaDriverInit_1_23
libva info: va_openDriver() returns 0
0:00:00.300544146          1          1 DEBUG             GST_TRACER gsttracer.c:172:gst_tracer_register:<registry0> update existing feature 0x5ef35198e960 (dots)
0:00:00.300558976          1          1 DEBUG             GST_TRACER gsttracer.c:172:gst_tracer_register:<registry0> update existing feature 0x5ef35198e810 (latency)
0:00:00.300564197          1          1 DEBUG             GST_TRACER gsttracer.c:172:gst_tracer_register:<registry0> update existing feature 0x5ef35198e690 (log)
0:00:00.300566412          1          1 DEBUG             GST_TRACER gsttracer.c:172:gst_tracer_register:<registry0> update existing feature 0x5ef35198e570 (rusage)
0:00:00.300568842          1          1 DEBUG             GST_TRACER gsttracer.c:172:gst_tracer_register:<registry0> update existing feature 0x5ef35197faf0 (stats)
0:00:00.300571127          1          1 DEBUG             GST_TRACER gsttracer.c:172:gst_tracer_register:<registry0> update existing feature 0x5ef351a349d0 (leaks)
0:00:00.300572739          1          1 DEBUG             GST_TRACER gsttracer.c:172:gst_tracer_register:<registry0> update existing feature 0x5ef351a48fc0 (factories)
0:00:00.300607116          1          1 TRACE             GST_TRACER gsttracerrecord.c:111:gst_tracer_record_build_format: latency.class, src-element-id=(structure)"scope\,\ type\=\(type\)gchararray\,\ related-to\=\(GstTracerValueScope\)element\;", src-element=(structure)"scope\,\ type\=\(type\)gchararray\,\ related-to\=\(GstTracerValueScope\)element\;", src=(structure)"scope\,\ type\=\(type\)gchararray\,\ related-to\=\(GstTracerValueScope\)pad\;", sink-element-id=(structure)"scope\,\ type\=\(type\)gchararray\,\ related-to\=\(GstTracerValueScope\)element\;", sink-element=(structure)"scope\,\ type\=\(type\)gchararray\,\ related-to\=\(GstTracerValueScope\)element\;", sink=(structure)"scope\,\ type\=\(type\)gchararray\,\ related-to\=\(GstTracerValueScope\)pad\;", time=(structure)"value\,\ type\=\(type\)guint64\,\ description\=\(string\)\"time\\\ it\\\ took\\\ for\\\ the\\\ buffer\\\ to\\\ go\\\ from\\\ src\\\ to\\\ sink\\\ ns\"\,\ min\=\(guint64\)0\,\ max\=\(guint64\)18446744073709551615\;", ts=(structure)"value\,\ type\=\(type\)guint64\,\ description\=\(string\)\"ts\\\ when\\\ the\\\ latency\\\ has\\\ been\\\ logged\"\,\ min\=\(guint64\)0\,\ max\=\(guint64\)18446744073709551615\;";
0:00:00.300611869          1          1 DEBUG             GST_TRACER gsttracerrecord.c:125:gst_tracer_record_build_format: new format string: latency, src-element-id=(string)%s, src-element=(string)%s, src=(string)%s, sink-element-id=(string)%s, sink-element=(string)%s, sink=(string)%s, time=(guint64)%lu, ts=(guint64)%lu;
0:00:00.300619383          1          1 TRACE             GST_TRACER gsttracerrecord.c:111:gst_tracer_record_build_format: element-latency.class, element-id=(structure)"scope\,\ type\=\(type\)gchararray\,\ related-to\=\(GstTracerValueScope\)element\;", element=(structure)"scope\,\ type\=\(type\)gchararray\,\ related-to\=\(GstTracerValueScope\)element\;", src=(structure)"scope\,\ type\=\(type\)gchararray\,\ related-to\=\(GstTracerValueScope\)pad\;", time=(structure)"value\,\ type\=\(type\)guint64\,\ description\=\(string\)\"time\\\ it\\\ took\\\ for\\\ the\\\ buffer\\\ to\\\ go\\\ from\\\ src\\\ to\\\ sink\\\ ns\"\,\ min\=\(guint64\)0\,\ max\=\(guint64\)18446744073709551615\;", ts=(structure)"value\,\ type\=\(type\)guint64\,\ description\=\(string\)\"ts\\\ when\\\ the\\\ latency\\\ has\\\ been\\\ logged\"\,\ min\=\(guint64\)0\,\ max\=\(guint64\)18446744073709551615\;";
0:00:00.300621722          1          1 DEBUG             GST_TRACER gsttracerrecord.c:125:gst_tracer_record_build_format: new format string: element-latency, element-id=(string)%s, element=(string)%s, src=(string)%s, time=(guint64)%lu, ts=(guint64)%lu;
0:00:00.300629193          1          1 TRACE             GST_TRACER gsttracerrecord.c:111:gst_tracer_record_build_format: element-reported-latency.class, element-id=(structure)"scope\,\ type\=\(type\)gchararray\,\ related-to\=\(GstTracerValueScope\)element\;", element=(structure)"scope\,\ type\=\(type\)gchararray\,\ related-to\=\(GstTracerValueScope\)element\;", live=(structure)"value\,\ type\=\(type\)gboolean\,\ description\=\(string\)\"wether\\\ the\\\ it\\\ is\\\ a\\\ live\\\ stream\\\ or\\\ not\"\;", min=(structure)"value\,\ type\=\(type\)guint64\,\ description\=\(string\)\"the\\\ minimum\\\ reported\\\ latency\"\,\ min\=\(guint64\)0\,\ max\=\(guint64\)18446744073709551615\;", max=(structure)"value\,\ type\=\(type\)guint64\,\ description\=\(string\)\"the\\\ maximum\\\ reported\\\ latency\"\,\ min\=\(guint64\)0\,\ max\=\(guint64\)18446744073709551615\;", ts=(structure)"value\,\ type\=\(type\)guint64\,\ description\=\(string\)\"ts\\\ when\\\ the\\\ latency\\\ has\\\ been\\\ reported\"\,\ min\=\(guint64\)0\,\ max\=\(guint64\)18446744073709551615\;";
0:00:00.300632385          1          1 DEBUG             GST_TRACER gsttracerrecord.c:125:gst_tracer_record_build_format: new format string: element-reported-latency, element-id=(string)%s, element=(string)%s, live=(boolean)%i, min=(guint64)%lu, max=(guint64)%lu, ts=(guint64)%lu;
ERROR: from element /GstPipeline:pipeline0/GstGvaDetect:gvadetect0: 'model' does not exist
Additional debug info:
/home/dlstreamer/dlstreamer/src/monolithic/gst/inference_elements/base/gva_base_inference.cpp(1049): gva_base_inference_check_properties_correctness (): /GstPipeline:pipeline0/GstGvaDetect:gvadetect0:
path /models/yolo11n_polyp/best_openvino_model/best.xml set in 'model' does not exist
ERROR: pipeline doesn't want to preroll.
Failed to set pipeline to PAUSED.
